Archive member included to satisfy reference by file (symbol)

esp-idf/esp_bootloader_format/libesp_bootloader_format.a(esp_bootloader_desc.c.obj)
                              (esp_bootloader_desc)
esp-idf/bootloader_support/libbootloader_support.a(bootloader_panic.c.obj)
                              (abort)
esp-idf/main/libmain.a(bootloader_start.c.obj)
                              (call_start_cpu0)
esp-idf/bootloader_support/libbootloader_support.a(bootloader_utility.c.obj)
                              esp-idf/main/libmain.a(bootloader_start.c.obj) (bootloader_utility_load_partition_table)
esp-idf/bootloader_support/libbootloader_support.a(flash_partitions.c.obj)
                              esp-idf/bootloader_support/libbootloader_support.a(bootloader_utility.c.obj) (esp_partition_table_verify)
esp-idf/bootloader_support/libbootloader_support.a(esp_image_format.c.obj)
                              esp-idf/bootloader_support/libbootloader_support.a(bootloader_utility.c.obj) (bootloader_load_image)
esp-idf/bootloader_support/libbootloader_support.a(bootloader_console_loader.c.obj)
                              esp-idf/bootloader_support/libbootloader_support.a(bootloader_utility.c.obj) (bootloader_console_deinit)
esp-idf/bootloader_support/libbootloader_support.a(bootloader_sha.c.obj)
                              esp-idf/bootloader_support/libbootloader_support.a(bootloader_utility.c.obj) (bootloader_sha256_start)
esp-idf/bootloader_support/libbootloader_support.a(bootloader_soc.c.obj)
                              esp-idf/bootloader_support/libbootloader_support.a(bootloader_utility.c.obj) (bootloader_ana_clock_glitch_reset_config)
esp-idf/bootloader_support/libbootloader_support.a(bootloader_esp32c3.c.obj)
                              esp-idf/main/libmain.a(bootloader_start.c.obj) (bootloader_init)
esp-idf/bootloader_support/libbootloader_support.a(bootloader_common_loader.c.obj)
                              esp-idf/bootloader_support/libbootloader_support.a(bootloader_utility.c.obj) (bootloader_common_ota_select_crc)
esp-idf/bootloader_support/libbootloader_support.a(bootloader_clock_init.c.obj)
                              esp-idf/bootloader_support/libbootloader_support.a(bootloader_esp32c3.c.obj) (bootloader_clock_configure)
esp-idf/bootloader_support/libbootloader_support.a(bootloader_mem.c.obj)
                              esp-idf/bootloader_support/libbootloader_support.a(bootloader_esp32c3.c.obj) (bootloader_init_mem)
esp-idf/bootloader_support/libbootloader_support.a(bootloader_random.c.obj)
                              esp-idf/bootloader_support/libbootloader_support.a(esp_image_format.c.obj) (bootloader_fill_random)
esp-idf/bootloader_support/libbootloader_support.a(flash_encrypt.c.obj)
                              esp-idf/bootloader_support/libbootloader_support.a(bootloader_utility.c.obj) (esp_flash_encryption_enabled)
esp-idf/bootloader_support/libbootloader_support.a(bootloader_random_esp32c3.c.obj)
                              esp-idf/bootloader_support/libbootloader_support.a(bootloader_utility.c.obj) (bootloader_random_disable)
esp-idf/bootloader_support/libbootloader_support.a(bootloader_flash.c.obj)
                              esp-idf/bootloader_support/libbootloader_support.a(bootloader_utility.c.obj) (bootloader_mmap_get_free_pages)
esp-idf/bootloader_support/libbootloader_support.a(bootloader_flash_config_esp32c3.c.obj)
                              esp-idf/bootloader_support/libbootloader_support.a(bootloader_esp32c3.c.obj) (bootloader_flash_update_id)
esp-idf/bootloader_support/libbootloader_support.a(bootloader_init.c.obj)
                              esp-idf/bootloader_support/libbootloader_support.a(bootloader_esp32c3.c.obj) (bootloader_clear_bss_section)
esp-idf/bootloader_support/libbootloader_support.a(bootloader_console.c.obj)
                              esp-idf/bootloader_support/libbootloader_support.a(bootloader_esp32c3.c.obj) (bootloader_console_init)
esp-idf/efuse/libefuse.a(esp_efuse_table.c.obj)
                              esp-idf/bootloader_support/libbootloader_support.a(flash_encrypt.c.obj) (ESP_EFUSE_DIS_DIRECT_BOOT)
esp-idf/efuse/libefuse.a(esp_efuse_fields.c.obj)
                              esp-idf/bootloader_support/libbootloader_support.a(flash_encrypt.c.obj) (esp_efuse_enable_rom_secure_download_mode)
esp-idf/efuse/libefuse.a(esp_efuse_api.c.obj)
                              esp-idf/bootloader_support/libbootloader_support.a(flash_encrypt.c.obj) (esp_efuse_read_field_blob)
esp-idf/efuse/libefuse.a(esp_efuse_utility.c.obj)
                              esp-idf/efuse/libefuse.a(esp_efuse_api.c.obj) (esp_efuse_utility_process)
esp-idf/efuse/libefuse.a(esp_efuse_api_key.c.obj)
                              esp-idf/bootloader_support/libbootloader_support.a(flash_encrypt.c.obj) (esp_efuse_get_key_dis_read)
esp-idf/efuse/libefuse.a(esp_efuse_utility.c.obj)
[...]
Memory Configuration

Name             Origin             Length             Attributes
iram_seg         0x403cc710         0x00002000         xrw
iram_loader_seg  0x403ce710         0x00007000         xrw
dram_seg         0x3fcd5710         0x00005000         rw
*default*        0x00000000         0xffffffff

Linker script and memory map

                0x00000000                        IDF_TARGET_ESP32C3 = 0x0
LOAD CMakeFiles/bootloader.elf.dir/project_elf_src_esp32c3.c.obj
LOAD esp-idf/soc/libsoc.a
LOAD esp-idf/micro-ecc/libmicro-ecc.a
LOAD esp-idf/hal/libhal.a
LOAD esp-idf/spi_flash/libspi_flash.a
LOAD esp-idf/esp_bootloader_format/libesp_bootloader_format.a
LOAD esp-idf/bootloader_support/libbootloader_support.a
LOAD esp-idf/efuse/libefuse.a
LOAD esp-idf/esp_system/libesp_system.a
LOAD esp-idf/esp_hw_support/libesp_hw_support.a
LOAD esp-idf/esp_common/libesp_common.a
LOAD esp-idf/esp_rom/libesp_rom.a
LOAD esp-idf/log/liblog.a
LOAD esp-idf/main/libmain.a
LOAD esp-idf/soc/libsoc.a
LOAD esp-idf/micro-ecc/libmicro-ecc.a
LOAD esp-idf/hal/libhal.a
LOAD esp-idf/spi_flash/libspi_flash.a
LOAD esp-idf/esp_bootloader_format/libesp_bootloader_format.a
LOAD esp-idf/bootloader_support/libbootloader_support.a
LOAD esp-idf/efuse/libefuse.a
LOAD esp-idf/esp_system/libesp_system.a
LOAD esp-idf/esp_hw_support/libesp_hw_support.a
LOAD esp-idf/esp_common/libesp_common.a
LOAD esp-idf/esp_rom/libesp_rom.a
LOAD esp-idf/log/liblog.a
LOAD esp-idf/soc/libsoc.a
LOAD esp-idf/micro-ecc/libmicro-ecc.a
LOAD esp-idf/hal/libhal.a
LOAD esp-idf/spi_flash/libspi_flash.a
LOAD esp-idf/esp_bootloader_format/libesp_bootloader_format.a
LOAD esp-idf/bootloader_support/libbootloader_support.a
LOAD esp-idf/efuse/libefuse.a
LOAD esp-idf/esp_system/libesp_system.a
LOAD esp-idf/esp_hw_support/libesp_hw_support.a
LOAD esp-idf/esp_common/libesp_common.a
LOAD esp-idf/esp_rom/libesp_rom.a
LOAD esp-idf/log/liblog.a
LOAD esp-idf/soc/libsoc.a
LOAD esp-idf/micro-ecc/libmicro-ecc.a
LOAD esp-idf/hal/libhal.a
LOAD esp-idf/spi_flash/libspi_flash.a
LOAD esp-idf/esp_bootloader_format/libesp_bootloader_format.a
LOAD esp-idf/bootloader_support/libbootloader_support.a
LOAD esp-idf/efuse/libefuse.a
LOAD esp-idf/esp_system/libesp_system.a
LOAD esp-idf/esp_hw_support/libesp_hw_support.a
LOAD esp-idf/esp_common/libesp_common.a
LOAD esp-idf/esp_rom/libesp_rom.a
LOAD esp-idf/log/liblog.a
LOAD esp-idf/soc/libsoc.a
LOAD esp-idf/micro-ecc/libmicro-ecc.a
LOAD esp-idf/hal/libhal.a
LOAD esp-idf/spi_flash/libspi_flash.a
LOAD esp-idf/esp_bootloader_format/libesp_bootloader_format.a
LOAD esp-idf/bootloader_support/libbootloader_support.a
LOAD esp-idf/efuse/libefuse.a
LOAD esp-idf/esp_system/libesp_system.a
LOAD esp-idf/esp_hw_support/libesp_hw_support.a
LOAD esp-idf/esp_common/libesp_common.a
LOAD esp-idf/esp_rom/libesp_rom.a
LOAD esp-idf/log/liblog.a
LOAD /home/red/.espressif/tools/riscv32-esp-elf/esp-13.2.0_20240530/riscv32-esp-elf/bin/../lib/gcc/riscv32-esp-elf/13.2.0/rv32imc_zicsr_zifencei/ilp32/no-rtti/libgcc.a
LOAD /home/red/.espressif/tools/riscv32-esp-elf/esp-13.2.0_20240530/riscv32-esp-elf/bin/../lib/gcc/riscv32-esp-elf/13.2.0/../../../../riscv32-esp-elf/lib/rv32imc_zicsr_zifencei/ilp32/no-rtti/libc.a
LOAD /home/red/.espressif/tools/riscv32-esp-elf/esp-13.2.0_20240530/riscv32-esp-elf/bin/../lib/gcc/riscv32-esp-elf/13.2.0/../../../../riscv32-esp-elf/lib/rv32imc_zicsr_zifencei/ilp32/no-rtti/libnosys.a
LOAD /home/red/.espressif/tools/riscv32-esp-elf/esp-13.2.0_20240530/riscv32-esp-elf/bin/../lib/gcc/riscv32-esp-elf/13.2.0/../../../../riscv32-esp-elf/lib/rv32imc_zicsr_zifencei/ilp32/no-rtti/libc.a
LOAD /home/red/.espressif/tools/riscv32-esp-elf/esp-13.2.0_20240530/riscv32-esp-elf/bin/../lib/gcc/riscv32-esp-elf/13.2.0/rv32imc_zicsr_zifencei/ilp32/no-rtti/libgcc.a
START GROUP
LOAD /home/red/.espressif/tools/riscv32-esp-elf/esp-13.2.0_20240530/riscv32-esp-elf/bin/../lib/gcc/riscv32-esp-elf/13.2.0/rv32imc_zicsr_zifencei/ilp32/no-rtti/libgcc.a
LOAD /home/red/.espressif/tools/riscv32-esp-elf/esp-13.2.0_20240530/riscv32-esp-elf/bin/../lib/gcc/riscv32-esp-elf/13.2.0/../../../../riscv32-esp-elf/lib/rv32imc_zicsr_zifencei/ilp32/no-rtti/libc.a
LOAD /home/red/.espressif/tools/riscv32-esp-elf/esp-13.2.0_20240530/riscv32-esp-elf/bin/../lib/gcc/riscv32-esp-elf/13.2.0/../../../../riscv32-esp-elf/lib/rv32imc_zicsr_zifencei/ilp32/no-rtti/libnosys.a
END GROUP
                [!provide]                        PROVIDE (esprv_int_set_priority = esprv_intc_int_set_priority)
                [!provide]                        PROVIDE (esprv_int_set_threshold = esprv_intc_int_set_threshold)
                [!provide]                        PROVIDE (esprv_int_enable = esprv_intc_int_enable)
                [!provide]                        PROVIDE (esprv_int_disable = esprv_intc_int_disable)
                [!provide]                        PROVIDE (esprv_int_set_type = esprv_intc_int_set_type)
                0x40000018                        rtc_get_reset_reason = 0x40000018
                0x4000001c                        analog_super_wdt_reset_happened = 0x4000001c
                0x40000020                        jtag_cpu_reset_happened = 0x40000020
                0x40000024                        rtc_get_wakeup_cause = 0x40000024
                0x40000028                        rtc_boot_control = 0x40000028
                0x4000002c                        rtc_select_apb_bridge = 0x4000002c
                0x40000030                        rtc_unhold_all_pads = 0x40000030
                0x40000034                        set_rtc_memory_crc = 0x40000034
                0x40000038                        cacl_rtc_memory_crc = 0x40000038
                0x4000003c                        ets_is_print_boot = 0x4000003c
                0x40000040                        ets_printf = 0x40000040
                0x40000044                        ets_install_putc1 = 0x40000044
                0x40000048                        ets_install_uart_printf = 0x40000048
                0x4000004c                        ets_install_putc2 = 0x4000004c
                0x40000050                        PROVIDE (ets_delay_us = 0x40000050)
                0x40000054                        ets_get_stack_info = 0x40000054
                0x40000058                        ets_install_lock = 0x40000058
                0x4000005c                        ets_backup_dma_copy = 0x4000005c
                0x40000060                        ets_apb_backup_init_lock_func = 0x40000060
                0x40000064                        UartRxString = 0x40000064
                0x40000068                        uart_tx_one_char = 0x40000068
                0x4000006c                        uart_tx_one_char2 = 0x4000006c
                0x40000070                        uart_rx_one_char = 0x40000070
                0x40000074                        uart_rx_one_char_block = 0x40000074
                0x40000078                        uart_rx_readbuff = 0x40000078
                0x4000007c                        uartAttach = 0x4000007c
                0x40000080                        uart_tx_flush = 0x40000080
                0x40000084                        uart_tx_wait_idle = 0x40000084
                0x40000088                        uart_div_modify = 0x40000088
                0x4000008c                        multofup = 0x4000008c
                0x40000090                        software_reset = 0x40000090
                0x40000094                        software_reset_cpu = 0x40000094
                0x40000098                        assist_debug_clock_enable = 0x40000098
                0x4000009c                        assist_debug_record_enable = 0x4000009c
                0x400000a0                        clear_super_wdt_reset_flag = 0x400000a0
                0x400000a4                        disable_default_watchdog = 0x400000a4
                0x400000a8                        send_packet = 0x400000a8
                0x400000ac                        recv_packet = 0x400000ac
                0x400000b0                        GetUartDevice = 0x400000b0
                0x400000b4                        UartDwnLdProc = 0x400000b4
                0x400000b8                        Uart_Init = 0x400000b8
                0x400000bc                        ets_set_user_start = 0x400000bc
                0x3ff1fffc                        ets_rom_layout_p = 0x3ff1fffc
                0x3fcdfffc                        ets_ops_table_ptr = 0x3fcdfffc
                0x400000c0                        mz_adler32 = 0x400000c0
                0x400000c4                        mz_crc32 = 0x400000c4
                0x400000c8                        mz_free = 0x400000c8
                0x400000cc                        tdefl_compress = 0x400000cc
                0x400000d0                        tdefl_compress_buffer = 0x400000d0
                0x400000d4                        tdefl_compress_mem_to_heap = 0x400000d4
                0x400000d8                        tdefl_compress_mem_to_mem = 0x400000d8
                0x400000dc                        tdefl_compress_mem_to_output = 0x400000dc
                0x400000e0                        tdefl_get_adler32 = 0x400000e0
                0x400000e4                        tdefl_get_prev_return_status = 0x400000e4
                0x400000e8                        tdefl_init = 0x400000e8
                0x400000ec                        tdefl_write_image_to_png_file_in_memory = 0x400000ec
                0x400000f0                        tdefl_write_image_to_png_file_in_memory_ex = 0x400000f0
                0x400000f4                        tinfl_decompress = 0x400000f4
                0x400000f8                        tinfl_decompress_mem_to_callback = 0x400000f8
                0x400000fc                        tinfl_decompress_mem_to_heap = 0x400000fc
                0x40000100                        tinfl_decompress_mem_to_mem = 0x40000100
                [!provide]                        PROVIDE (jd_prepare = 0x40000104)
                [!provide]                        PROVIDE (jd_decomp = 0x40000108)
                0x4000010c                        PROVIDE (esp_rom_spiflash_wait_idle = 0x4000010c)
                0x40000110                        PROVIDE (esp_rom_spiflash_write_encrypted = 0x40000110)
                [!provide]                        PROVIDE (esp_rom_spiflash_write_encrypted_dest = 0x40000114)
                [!provide]                        PROVIDE (esp_rom_spiflash_write_encrypted_enable = 0x40000118)
                [!provide]                        PROVIDE (esp_rom_spiflash_write_encrypted_disable = 0x4000011c)
                [!provide]                        PROVIDE (esp_rom_spiflash_erase_chip = 0x40000120)
                0x40000124                        PROVIDE (esp_rom_spiflash_erase_block = 0x40000124)
                0x40000128                        PROVIDE (esp_rom_spiflash_erase_sector = 0x40000128)
                0x4000012c                        PROVIDE (esp_rom_spiflash_write = 0x4000012c)
                0x40000130                        PROVIDE (esp_rom_spiflash_read = 0x40000130)
                0x40000134                        PROVIDE (esp_rom_spiflash_config_param = 0x40000134)
                [!provide]                        PROVIDE (esp_rom_spiflash_read_user_cmd = 0x40000138)
                [!provide]                        PROVIDE (esp_rom_spiflash_select_qio_pins = 0x4000013c)
                [!provide]                        PROVIDE (esp_rom_spiflash_unlock = 0x40000140)
                [!provide]                        PROVIDE (esp_rom_spi_flash_auto_sus_res = 0x40000144)
                [!provide]                        PROVIDE (esp_rom_spi_flash_send_resume = 0x40000148)
                [!provide]                        PROVIDE (esp_rom_spi_flash_update_id = 0x4000014c)
                0x40000150                        PROVIDE (esp_rom_spiflash_config_clk = 0x40000150)
                [!provide]                        PROVIDE (esp_rom_spiflash_config_readmode = 0x40000154)
                [!provide]                        PROVIDE (esp_rom_spiflash_read_status = 0x40000158)
                [!provide]                        PROVIDE (esp_rom_spiflash_read_statushigh = 0x4000015c)
                [!provide]                        PROVIDE (esp_rom_spiflash_write_status = 0x40000160)
                [!provide]                        PROVIDE (esp_rom_spiflash_attach = 0x40000164)
                [!provide]                        PROVIDE (spi_flash_get_chip_size = 0x40000168)
                [!provide]                        PROVIDE (spi_flash_guard_set = 0x4000016c)
                [!provide]                        PROVIDE (spi_flash_guard_get = 0x40000170)
                [!provide]                        PROVIDE (spi_flash_write_config_set = 0x40000174)
                [!provide]                        PROVIDE (spi_flash_write_config_get = 0x40000178)
                [!provide]                        PROVIDE (spi_flash_safe_write_address_func_set = 0x4000017c)
                [!provide]                        PROVIDE (spi_flash_unlock = 0x40000180)
                [!provide]                        PROVIDE (spi_flash_erase_range = 0x40000184)
                [!provide]                        PROVIDE (spi_flash_erase_sector = 0x40000188)
                [!provide]                        PROVIDE (spi_flash_write = 0x4000018c)
                [!provide]                        PROVIDE (spi_flash_read = 0x40000190)
                [!provide]                        PROVIDE (spi_flash_write_encrypted = 0x40000194)
                [!provide]                        PROVIDE (spi_flash_read_encrypted = 0x40000198)
                [!provide]                        PROVIDE (spi_flash_mmap_os_func_set = 0x4000019c)
                [!provide]                        PROVIDE (spi_flash_mmap_page_num_init = 0x400001a0)
                [!provide]                        PROVIDE (spi_flash_mmap = 0x400001a4)
                [!provide]                        PROVIDE (spi_flash_mmap_pages = 0x400001a8)
                [!provide]                        PROVIDE (spi_flash_munmap = 0x400001ac)
                [!provide]                        PROVIDE (spi_flash_mmap_dump = 0x400001b0)
                [!provide]                        PROVIDE (spi_flash_check_and_flush_cache = 0x400001b4)
                [!provide]                        PROVIDE (spi_flash_mmap_get_free_pages = 0x400001b8)
                [!provide]                        PROVIDE (spi_flash_cache2phys = 0x400001bc)
                [!provide]                        PROVIDE (spi_flash_phys2cache = 0x400001c0)
                [!provide]                        PROVIDE (spi_flash_disable_cache = 0x400001c4)
                [!provide]                        PROVIDE (spi_flash_restore_cache = 0x400001c8)
                [!provide]                        PROVIDE (spi_flash_cache_enabled = 0x400001cc)
                [!provide]                        PROVIDE (spi_flash_enable_cache = 0x400001d0)
                [!provide]                        PROVIDE (spi_cache_mode_switch = 0x400001d4)
                [!provide]                        PROVIDE (spi_common_set_dummy_output = 0x400001d8)
                [!provide]                        PROVIDE (spi_common_set_flash_cs_timing = 0x400001dc)
                [!provide]                        PROVIDE (esp_enable_cache_flash_wrap = 0x400001e0)
                [!provide]                        PROVIDE (SPIEraseArea = 0x400001e4)
                [!provide]                        PROVIDE (SPILock = 0x400001e8)
                [!provide]                        PROVIDE (SPIMasterReadModeCnfig = 0x400001ec)
                [!provide]                        PROVIDE (SPI_Common_Command = 0x400001f0)
                [!provide]                        PROVIDE (SPI_WakeUp = 0x400001f4)
                [!provide]                        PROVIDE (SPI_block_erase = 0x400001f8)
                [!provide]                        PROVIDE (SPI_chip_erase = 0x400001fc)
                [!provide]                        PROVIDE (SPI_init = 0x40000200)
                [!provide]                        PROVIDE (SPI_page_program = 0x40000204)
                [!provide]                        PROVIDE (SPI_read_data = 0x40000208)
                [!provide]                        PROVIDE (SPI_sector_erase = 0x4000020c)
                [!provide]                        PROVIDE (SPI_write_enable = 0x40000210)
                [!provide]                        PROVIDE (SelectSpiFunction = 0x40000214)
                [!provide]                        PROVIDE (SetSpiDrvs = 0x40000218)
                [!provide]                        PROVIDE (Wait_SPI_Idle = 0x4000021c)
                [!provide]                        PROVIDE (spi_dummy_len_fix = 0x40000220)
                [!provide]                        PROVIDE (Disable_QMode = 0x40000224)
                [!provide]                        PROVIDE (Enable_QMode = 0x40000228)
                [!provide]                        PROVIDE (rom_spiflash_legacy_funcs = 0x3fcdfff4)
                0x3fcdfff0                        PROVIDE (rom_spiflash_legacy_data = 0x3fcdfff0)
                [!provide]                        PROVIDE (g_flash_guard_ops = 0x3fcdfff8)
                [!provide]                        PROVIDE (spi_flash_hal_poll_cmd_done = 0x4000022c)
                [!provide]                        PROVIDE (spi_flash_hal_device_config = 0x40000230)
                [!provide]                        PROVIDE (spi_flash_hal_configure_host_io_mode = 0x40000234)
                [!provide]                        PROVIDE (spi_flash_hal_common_command = 0x40000238)
                [!provide]                        PROVIDE (spi_flash_hal_read = 0x4000023c)
                [!provide]                        PROVIDE (spi_flash_hal_erase_chip = 0x40000240)
                [!provide]                        PROVIDE (spi_flash_hal_erase_sector = 0x40000244)
                [!provide]                        PROVIDE (spi_flash_hal_erase_block = 0x40000248)
                [!provide]                        PROVIDE (spi_flash_hal_program_page = 0x4000024c)
                [!provide]                        PROVIDE (spi_flash_hal_set_write_protect = 0x40000250)
                [!provide]                        PROVIDE (spi_flash_hal_host_idle = 0x40000254)
                [!provide]                        PROVIDE (spi_flash_chip_generic_probe = 0x40000258)
                [!provide]                        PROVIDE (spi_flash_chip_generic_detect_size = 0x4000025c)
                [!provide]                        PROVIDE (spi_flash_chip_generic_write = 0x40000260)
                [!provide]                        PROVIDE (spi_flash_chip_generic_write_encrypted = 0x40000264)
                [!provide]                        PROVIDE (spi_flash_chip_generic_set_write_protect = 0x40000268)
                [!provide]                        PROVIDE (spi_flash_common_write_status_16b_wrsr = 0x4000026c)
                [!provide]                        PROVIDE (spi_flash_chip_generic_reset = 0x40000270)
                [!provide]                        PROVIDE (spi_flash_chip_generic_erase_chip = 0x40000274)
                [!provide]                        PROVIDE (spi_flash_chip_generic_erase_sector = 0x40000278)
                [!provide]                        PROVIDE (spi_flash_chip_generic_erase_block = 0x4000027c)
                [!provide]                        PROVIDE (spi_flash_chip_generic_page_program = 0x40000280)
                [!provide]                        PROVIDE (spi_flash_chip_generic_get_write_protect = 0x40000284)
                [!provide]                        PROVIDE (spi_flash_common_read_status_16b_rdsr_rdsr2 = 0x40000288)
                [!provide]                        PROVIDE (spi_flash_chip_generic_read_reg = 0x4000028c)
                [!provide]                        PROVIDE (spi_flash_chip_generic_yield = 0x40000290)
                [!provide]                        PROVIDE (spi_flash_generic_wait_host_idle = 0x40000294)
                [!provide]                        PROVIDE (spi_flash_chip_generic_wait_idle = 0x40000298)
                [!provide]                        PROVIDE (spi_flash_chip_generic_config_host_io_mode = 0x4000029c)
                [!provide]                        PROVIDE (spi_flash_chip_generic_read = 0x400002a0)
                [!provide]                        PROVIDE (spi_flash_common_read_status_8b_rdsr2 = 0x400002a4)
                [!provide]                        PROVIDE (spi_flash_chip_generic_get_io_mode = 0x400002a8)
                [!provide]                        PROVIDE (spi_flash_common_read_status_8b_rdsr = 0x400002ac)
                [!provide]                        PROVIDE (spi_flash_common_write_status_8b_wrsr = 0x400002b0)
                [!provide]                        PROVIDE (spi_flash_common_write_status_8b_wrsr2 = 0x400002b4)
                [!provide]                        PROVIDE (spi_flash_common_set_io_mode = 0x400002b8)
                [!provide]                        PROVIDE (spi_flash_chip_generic_set_io_mode = 0x400002bc)
                [!provide]                        PROVIDE (spi_flash_chip_gd_get_io_mode = 0x400002c0)
                [!provide]                        PROVIDE (spi_flash_chip_gd_probe = 0x400002c4)
                [!provide]                        PROVIDE (spi_flash_chip_gd_set_io_mode = 0x400002c8)
                [!provide]                        PROVIDE (spi_flash_chip_generic_config_data = 0x3fcdffec)
                [!provide]                        PROVIDE (memspi_host_read_id_hs = 0x400002cc)
                [!provide]                        PROVIDE (memspi_host_read_status_hs = 0x400002d0)
                [!provide]                        PROVIDE (memspi_host_flush_cache = 0x400002d4)
                [!provide]                        PROVIDE (memspi_host_erase_chip = 0x400002d8)
                [!provide]                        PROVIDE (memspi_host_erase_sector = 0x400002dc)
                [!provide]                        PROVIDE (memspi_host_erase_block = 0x400002e0)
                [!provide]                        PROVIDE (memspi_host_program_page = 0x400002e4)
                [!provide]                        PROVIDE (memspi_host_read = 0x400002e8)
                [!provide]                        PROVIDE (memspi_host_set_write_protect = 0x400002ec)
                [!provide]                        PROVIDE (memspi_host_set_max_read_len = 0x400002f0)
                [!provide]                        PROVIDE (memspi_host_read_data_slicer = 0x400002f4)
                [!provide]                        PROVIDE (memspi_host_write_data_slicer = 0x400002f8)
                [!provide]                        PROVIDE (esp_flash_chip_driver_initialized = 0x400002fc)
                [!provide]                        PROVIDE (esp_flash_read_id = 0x40000300)
                [!provide]                        PROVIDE (esp_flash_get_size = 0x40000304)
                [!provide]                        PROVIDE (esp_flash_erase_chip = 0x40000308)
                [!provide]                        PROVIDE (rom_esp_flash_erase_region = 0x4000030c)
                [!provide]                        PROVIDE (esp_flash_get_chip_write_protect = 0x40000310)
                [!provide]                        PROVIDE (esp_flash_set_chip_write_protect = 0x40000314)
                [!provide]                        PROVIDE (esp_flash_get_protectable_regions = 0x40000318)
                [!provide]                        PROVIDE (esp_flash_get_protected_region = 0x4000031c)
                [!provide]                        PROVIDE (esp_flash_set_protected_region = 0x40000320)
                [!provide]                        PROVIDE (esp_flash_read = 0x40000324)
                [!provide]                        PROVIDE (esp_flash_write = 0x40000328)
                [!provide]                        PROVIDE (esp_flash_write_encrypted = 0x4000032c)
                [!provide]                        PROVIDE (esp_flash_read_encrypted = 0x40000330)
                [!provide]                        PROVIDE (esp_flash_get_io_mode = 0x40000334)
                [!provide]                        PROVIDE (esp_flash_set_io_mode = 0x40000338)
                [!provide]                        PROVIDE (spi_flash_boot_attach = 0x4000033c)
                [!provide]                        PROVIDE (spi_flash_dump_counters = 0x40000340)
                [!provide]                        PROVIDE (spi_flash_get_counters = 0x40000344)
                [!provide]                        PROVIDE (spi_flash_op_counters_config = 0x40000348)
                [!provide]                        PROVIDE (spi_flash_reset_counters = 0x4000034c)
                [!provide]                        PROVIDE (esp_flash_default_chip = 0x3fcdffe8)
                [!provide]                        PROVIDE (esp_flash_api_funcs = 0x3fcdffe4)
                0x400004b0                        PROVIDE (Cache_Get_ICache_Line_Size = 0x400004b0)
                [!provide]                        PROVIDE (Cache_Get_Mode = 0x400004b4)
                [!provide]                        PROVIDE (Cache_Address_Through_IBus = 0x400004b8)
                [!provide]                        PROVIDE (Cache_Address_Through_DBus = 0x400004bc)
                [!provide]                        PROVIDE (Cache_Set_Default_Mode = 0x400004c0)
                [!provide]                        PROVIDE (Cache_Enable_Defalut_ICache_Mode = 0x400004c4)
                0x400004c8                        PROVIDE (ROM_Boot_Cache_Init = 0x400004c8)
                [!provide]                        PROVIDE (Cache_Invalidate_ICache_Items = 0x400004cc)
                [!provide]                        PROVIDE (Cache_Op_Addr = 0x400004d0)
                0x400004d4                        PROVIDE (Cache_Invalidate_Addr = 0x400004d4)
                [!provide]                        PROVIDE (Cache_Invalidate_ICache_All = 0x400004d8)
                [!provide]                        PROVIDE (Cache_Mask_All = 0x400004dc)
                [!provide]                        PROVIDE (Cache_UnMask_Dram0 = 0x400004e0)
                [!provide]                        PROVIDE (Cache_Suspend_ICache_Autoload = 0x400004e4)
                [!provide]                        PROVIDE (Cache_Resume_ICache_Autoload = 0x400004e8)
                [!provide]                        PROVIDE (Cache_Start_ICache_Preload = 0x400004ec)
                [!provide]                        PROVIDE (Cache_ICache_Preload_Done = 0x400004f0)
                [!provide]                        PROVIDE (Cache_End_ICache_Preload = 0x400004f4)
                [!provide]                        PROVIDE (Cache_Config_ICache_Autoload = 0x400004f8)
                [!provide]                        PROVIDE (Cache_Enable_ICache_Autoload = 0x400004fc)
                [!provide]                        PROVIDE (Cache_Disable_ICache_Autoload = 0x40000500)
                [!provide]                        PROVIDE (Cache_Enable_ICache_PreLock = 0x40000504)
                [!provide]                        PROVIDE (Cache_Disable_ICache_PreLock = 0x40000508)
                [!provide]                        PROVIDE (Cache_Lock_ICache_Items = 0x4000050c)
                [!provide]                        PROVIDE (Cache_Unlock_ICache_Items = 0x40000510)
                [!provide]                        PROVIDE (Cache_Lock_Addr = 0x40000514)
                [!provide]                        PROVIDE (Cache_Unlock_Addr = 0x40000518)
                0x4000051c                        PROVIDE (Cache_Disable_ICache = 0x4000051c)
                0x40000520                        PROVIDE (Cache_Enable_ICache = 0x40000520)
                0x40000524                        PROVIDE (Cache_Suspend_ICache = 0x40000524)
                0x40000528                        PROVIDE (Cache_Resume_ICache = 0x40000528)
                [!provide]                        PROVIDE (Cache_Freeze_ICache_Enable = 0x4000052c)
                [!provide]                        PROVIDE (Cache_Freeze_ICache_Disable = 0x40000530)
                [!provide]                        PROVIDE (Cache_Pms_Lock = 0x40000534)
                [!provide]                        PROVIDE (Cache_Ibus_Pms_Set_Addr = 0x40000538)
                [!provide]                        PROVIDE (Cache_Ibus_Pms_Set_Attr = 0x4000053c)
                [!provide]                        PROVIDE (Cache_Dbus_Pms_Set_Addr = 0x40000540)
                [!provide]                        PROVIDE (Cache_Dbus_Pms_Set_Attr = 0x40000544)
                [!provide]                        PROVIDE (Cache_Set_IDROM_MMU_Size = 0x40000548)
                [!provide]                        PROVIDE (Cache_Get_IROM_MMU_End = 0x4000054c)
                [!provide]                        PROVIDE (Cache_Get_DROM_MMU_End = 0x40000550)
                [!provide]                        PROVIDE (Cache_Owner_Init = 0x40000554)
                [!provide]                        PROVIDE (Cache_Occupy_ICache_MEMORY = 0x40000558)
                [!provide]                        PROVIDE (Cache_MMU_Init = 0x4000055c)
                [!provide]                        PROVIDE (Cache_Ibus_MMU_Set = 0x40000560)
                [!provide]                        PROVIDE (Cache_Dbus_MMU_Set = 0x40000564)
                [!provide]                        PROVIDE (Cache_Count_Flash_Pages = 0x40000568)
                [!provide]                        PROVIDE (Cache_Travel_Tag_Memory = 0x4000056c)
                [!provide]                        PROVIDE (Cache_Get_Virtual_Addr = 0x40000570)
                [!provide]                        PROVIDE (Cache_Get_Memory_BaseAddr = 0x40000574)
                [!provide]                        PROVIDE (Cache_Get_Memory_Addr = 0x40000578)
                [!provide]                        PROVIDE (Cache_Get_Memory_value = 0x4000057c)
                [!provide]                        PROVIDE (rom_cache_op_cb = 0x3fcdffd8)
                [!provide]                        PROVIDE (rom_cache_internal_table_ptr = 0x3fcdffd4)
                0x40000580                        ets_get_apb_freq = 0x40000580
                0x40000584                        ets_get_cpu_frequency = 0x40000584
                0x40000588                        ets_update_cpu_frequency = 0x40000588
                0x4000058c                        ets_get_printf_channel = 0x4000058c
                0x40000590                        ets_get_xtal_div = 0x40000590
                0x40000594                        ets_set_xtal_div = 0x40000594
                0x40000598                        ets_get_xtal_freq = 0x40000598
                0x4000059c                        gpio_input_get = 0x4000059c
                0x400005a0                        gpio_matrix_in = 0x400005a0
                0x400005a4                        gpio_matrix_out = 0x400005a4
                0x400005a8                        gpio_output_disable = 0x400005a8
                0x400005ac                        gpio_output_enable = 0x400005ac
                0x400005b0                        gpio_output_set = 0x400005b0
                0x400005b4                        gpio_pad_hold = 0x400005b4
                0x400005b8                        gpio_pad_input_disable = 0x400005b8
                0x400005bc                        gpio_pad_input_enable = 0x400005bc
                0x400005c0                        gpio_pad_pulldown = 0x400005c0
                0x400005c4                        gpio_pad_pullup = 0x400005c4
                0x400005c8                        gpio_pad_select_gpio = 0x400005c8
                0x400005cc                        gpio_pad_set_drv = 0x400005cc
                0x400005d0                        gpio_pad_unhold = 0x400005d0
                0x400005d4                        gpio_pin_wakeup_disable = 0x400005d4
                0x400005d8                        gpio_pin_wakeup_enable = 0x400005d8
                0x400005dc                        gpio_bypass_matrix_in = 0x400005dc
                0x400005e0                        esprv_intc_int_set_priority = 0x400005e0
                0x400005e4                        esprv_intc_int_set_threshold = 0x400005e4
                0x400005e8                        esprv_intc_int_enable = 0x400005e8
                0x400005ec                        esprv_intc_int_disable = 0x400005ec
                0x400005f0                        esprv_intc_int_set_type = 0x400005f0
                0x400005f4                        intr_matrix_set = 0x400005f4
                0x400005f8                        ets_intr_lock = 0x400005f8
                0x400005fc                        ets_intr_unlock = 0x400005fc
                [!provide]                        PROVIDE (intr_handler_set = 0x40000600)
                0x40000604                        ets_isr_attach = 0x40000604
                0x40000608                        ets_isr_mask = 0x40000608
                0x4000060c                        ets_isr_unmask = 0x4000060c
                0x40000610                        md5_vector = 0x40000610
                0x40000614                        MD5Init = 0x40000614
                0x40000618                        MD5Update = 0x40000618
                0x4000061c                        MD5Final = 0x4000061c
                0x40000620                        hmac_md5_vector = 0x40000620
                0x40000624                        hmac_md5 = 0x40000624
                0x40000628                        crc32_le = 0x40000628
                0x4000062c                        crc32_be = 0x4000062c
                0x40000630                        crc16_le = 0x40000630
                0x40000634                        crc16_be = 0x40000634
                0x40000638                        crc8_le = 0x40000638
                0x4000063c                        crc8_be = 0x4000063c
                0x40000640                        esp_crc8 = 0x40000640
                0x40000644                        ets_sha_enable = 0x40000644
                0x40000648                        ets_sha_disable = 0x40000648
                0x4000064c                        ets_sha_get_state = 0x4000064c
                0x40000650                        ets_sha_init = 0x40000650
                0x40000654                        ets_sha_process = 0x40000654
                0x40000658                        ets_sha_starts = 0x40000658
                0x4000065c                        ets_sha_update = 0x4000065c
                0x40000660                        ets_sha_finish = 0x40000660
                0x40000664                        ets_sha_clone = 0x40000664
                0x40000668                        ets_hmac_enable = 0x40000668
                0x4000066c                        ets_hmac_disable = 0x4000066c
                0x40000670                        ets_hmac_calculate_message = 0x40000670
                0x40000674                        ets_hmac_calculate_downstream = 0x40000674
                0x40000678                        ets_hmac_invalidate_downstream = 0x40000678
                0x4000067c                        ets_jtag_enable_temporarily = 0x4000067c
                0x40000680                        ets_aes_enable = 0x40000680
                0x40000684                        ets_aes_disable = 0x40000684
                0x40000688                        ets_aes_setkey = 0x40000688
                0x4000068c                        ets_aes_block = 0x4000068c
                0x40000690                        ets_bigint_enable = 0x40000690
                0x40000694                        ets_bigint_disable = 0x40000694
                0x40000698                        ets_bigint_multiply = 0x40000698
                0x4000069c                        ets_bigint_modmult = 0x4000069c
                0x400006a0                        ets_bigint_modexp = 0x400006a0
                0x400006a4                        ets_bigint_wait_finish = 0x400006a4
                0x400006a8                        ets_bigint_getz = 0x400006a8
                0x400006ac                        ets_ds_enable = 0x400006ac
                0x400006b0                        ets_ds_disable = 0x400006b0
                0x400006b4                        ets_ds_start_sign = 0x400006b4
                0x400006b8                        ets_ds_is_busy = 0x400006b8
                0x400006bc                        ets_ds_finish_sign = 0x400006bc
                0x400006c0                        ets_ds_encrypt_params = 0x400006c0
                0x400006c4                        ets_aes_setkey_dec = 0x400006c4
                0x400006c8                        ets_aes_setkey_enc = 0x400006c8
                0x400006cc                        ets_mgf1_sha256 = 0x400006cc
                0x400006d0                        ets_efuse_read = 0x400006d0
                0x400006d4                        ets_efuse_program = 0x400006d4
                0x400006d8                        ets_efuse_clear_program_registers = 0x400006d8
                0x400006dc                        ets_efuse_write_key = 0x400006dc
                0x400006e0                        ets_efuse_get_read_register_address = 0x400006e0
                0x400006e4                        ets_efuse_get_key_purpose = 0x400006e4
                0x400006e8                        ets_efuse_key_block_unused = 0x400006e8
                0x400006ec                        ets_efuse_find_unused_key_block = 0x400006ec
                0x400006f0                        ets_efuse_rs_calculate = 0x400006f0
                0x400006f4                        ets_efuse_count_unused_key_blocks = 0x400006f4
                0x400006f8                        ets_efuse_secure_boot_enabled = 0x400006f8
                0x400006fc                        ets_efuse_secure_boot_aggressive_revoke_enabled = 0x400006fc
                0x40000700                        ets_efuse_cache_encryption_enabled = 0x40000700
                0x40000704                        ets_efuse_download_modes_disabled = 0x40000704
                0x40000708                        ets_efuse_find_purpose = 0x40000708
                0x4000070c                        ets_efuse_flash_opi_5pads_power_sel_vddspi = 0x4000070c
                0x40000710                        ets_efuse_force_send_resume = 0x40000710
                0x40000714                        ets_efuse_get_flash_delay_us = 0x40000714
                0x40000718                        ets_efuse_get_mac = 0x40000718
                0x4000071c                        ets_efuse_get_spiconfig = 0x4000071c
                0x40000720                        ets_efuse_usb_print_is_disabled = 0x40000720
                0x40000724                        ets_efuse_usb_serial_jtag_print_is_disabled = 0x40000724
                0x40000728                        ets_efuse_get_uart_print_control = 0x40000728
                0x4000072c                        ets_efuse_get_wp_pad = 0x4000072c
                0x40000730                        ets_efuse_legacy_spi_boot_mode_disabled = 0x40000730
                0x40000734                        ets_efuse_security_download_modes_enabled = 0x40000734
                0x40000738                        ets_efuse_set_timing = 0x40000738
                0x4000073c                        ets_efuse_jtag_disabled = 0x4000073c
                0x40000740                        ets_efuse_usb_download_mode_disabled = 0x40000740
                0x40000744                        ets_efuse_usb_module_disabled = 0x40000744
                0x40000748                        ets_efuse_usb_device_disabled = 0x40000748
                0x4000074c                        ets_emsa_pss_verify = 0x4000074c
                0x40000750                        ets_rsa_pss_verify = 0x40000750
                0x40000754                        ets_secure_boot_verify_bootloader_with_keys = 0x40000754
                0x40000758                        ets_secure_boot_verify_signature = 0x40000758
                0x4000075c                        ets_secure_boot_read_key_digests = 0x4000075c
                0x40000760                        ets_secure_boot_revoke_public_key_digest = 0x40000760
                [!provide]                        PROVIDE (usb_uart_rx_one_char = 0x400008cc)
                [!provide]                        PROVIDE (usb_uart_rx_one_char_block = 0x400008d0)
                [!provide]                        PROVIDE (usb_uart_tx_flush = 0x400008d4)
                [!provide]                        PROVIDE (usb_uart_tx_one_char = 0x400008d8)
                0x3fcdffd1                        PROVIDE (g_uart_print = 0x3fcdffd1)
                0x3fcdffd0                        PROVIDE (g_usb_print = 0x3fcdffd0)
                0x3fcdffcc                        bt_rf_coex_cfg_p = 0x3fcdffcc
                0x3fcdffc8                        bt_rf_coex_hooks_p = 0x3fcdffc8
                0x3fcdffc4                        btdm_env_p = 0x3fcdffc4
                0x3fcdffc0                        g_rw_controller_task_handle = 0x3fcdffc0
                0x3fcdffbc                        g_rw_init_sem = 0x3fcdffbc
                0x3fcdffb8                        g_rw_schd_queue = 0x3fcdffb8
                0x3fcdffb4                        lld_init_env = 0x3fcdffb4
                0x3fcdffb0                        lld_rpa_renew_env = 0x3fcdffb0
                0x3fcdffac                        lld_scan_env = 0x3fcdffac
                0x3fcdffa8                        lld_scan_sync_env = 0x3fcdffa8
                0x3fcdffa4                        lld_test_env = 0x3fcdffa4
                0x3fcdffa0                        p_ble_util_buf_env = 0x3fcdffa0
                0x3fcdff9c                        p_lld_env = 0x3fcdff9c
                0x3fcdff98                        p_llm_env = 0x3fcdff98
                0x3fcdff94                        r_h4tl_eif_p = 0x3fcdff94
                0x3fcdff90                        r_hli_funcs_p = 0x3fcdff90
                0x3fcdff8c                        r_ip_funcs_p = 0x3fcdff8c
                0x3fcdff88                        r_modules_funcs_p = 0x3fcdff88
                0x3fcdff84                        r_osi_funcs_p = 0x3fcdff84
                0x3fcdff80                        r_plf_funcs_p = 0x3fcdff80
                0x3fcdff7c                        vhci_env_p = 0x3fcdff7c
                0x3fcdff78                        aa_gen = 0x3fcdff78
                0x3fcdff6c                        aes_env = 0x3fcdff6c
                0x3fcdff1c                        bt_rf_coex_cfg_cb = 0x3fcdff1c
                0x3fcdff18                        btdm_pwr_state = 0x3fcdff18
                0x3fcdff14                        btdm_slp_err = 0x3fcdff14
                0x3fcdff0c                        ecc_env = 0x3fcdff0c
                0x3fcdff04                        esp_handler = 0x3fcdff04
                0x3fcdfefc                        esp_vendor_cmd = 0x3fcdfefc
                0x3fcdfef8                        g_adv_delay_dis = 0x3fcdfef8
                0x3fcdfef4                        g_conflict_elt = 0x3fcdfef4
                0x3fcdfee4                        g_eif_api = 0x3fcdfee4
                0x3fcdfed8                        g_event_empty = 0x3fcdfed8
                0x3fcdfecc                        g_llc_state = 0x3fcdfecc
                0x3fcdfec8                        g_llm_state = 0x3fcdfec8
                0x3fcdfec4                        g_max_evt_env = 0x3fcdfec4
                0x3fcdfec0                        g_misc_state = 0x3fcdfec0
                0x3fcdfea4                        g_rma_rule_db = 0x3fcdfea4
                0x3fcdfe88                        g_rtp_rule_db = 0x3fcdfe88
                0x3fcdfe85                        g_scan_forever = 0x3fcdfe85
                0x3fcdfe84                        g_time_msb = 0x3fcdfe84
                0x3fcdfe5c                        h4tl_env = 0x3fcdfe5c
                0x3fcdfe38                        hci_env = 0x3fcdfe38
                0x3fcdfe34                        hci_ext_host = 0x3fcdfe34
                0x3fcdfe2c                        hci_fc_env = 0x3fcdfe2c
                0x3fcdfe00                        hci_tl_env = 0x3fcdfe00
                0x3fcdfdd0                        ke_env = 0x3fcdfdd0
                0x3fcdfd90                        ke_event_env = 0x3fcdfd90
                0x3fcdfd14                        ke_task_env = 0x3fcdfd14
                0x3fcdfcec                        llc_env = 0x3fcdfcec
                0x3fcdfcc4                        lld_adv_env = 0x3fcdfcc4
                0x3fcdfc9c                        lld_con_env = 0x3fcdfc9c
                0x3fcdfc94                        lld_exp_sync_pos_tab = 0x3fcdfc94
                0x3fcdfc6c                        lld_per_adv_env = 0x3fcdfc6c
                0x3fcdfc44                        lld_sync_env = 0x3fcdfc44
                0x3fcdfc38                        llm_le_adv_flow_env = 0x3fcdfc38
                0x3fcdfc34                        rw_sleep_enable = 0x3fcdfc34
                0x3fcdfc2c                        rwble_env = 0x3fcdfc2c
                0x3fcdfc10                        rwip_env = 0x3fcdfc10
                0x3fcdfc04                        rwip_param = 0x3fcdfc04
                0x3fcdfc00                        rwip_prog_delay = 0x3fcdfc00
                0x3fcdfbc8                        rwip_rf = 0x3fcdfbc8
                0x3fcdfbc0                        sch_alarm_env = 0x3fcdfbc0
                0x3fcdfbac                        sch_arb_env = 0x3fcdfbac
                0x3fcdfba4                        sch_plan_env = 0x3fcdfba4
                0x3fcdfaa0                        sch_prog_env = 0x3fcdfaa0
                0x3fcdfa40                        sch_slice_env = 0x3fcdfa40
                0x3fcdfa38                        sch_slice_params = 0x3fcdfa38
                0x3fcdfa30                        timer_env = 0x3fcdfa30
                0x3fcdfa2c                        unloaded_area = 0x3fcdfa2c
                0x3fcdfa28                        vshci_state = 0x3fcdfa28
                0x3fcdfa1c                        TASK_DESC_LLC = 0x3fcdfa1c
                0x3fcdfa10                        TASK_DESC_LLM = 0x3fcdfa10
                0x3fcdfa04                        TASK_DESC_VSHCI = 0x3fcdfa04
                0x3fcdf9fc                        co_default_bdaddr = 0x3fcdf9fc
                0x3fcdf9f8                        dbg_assert_block = 0x3fcdf9f8
                0x3fcdf9f4                        g_bt_plf_log_level = 0x3fcdf9f4
                0x3fcdf9d0                        hci_cmd_desc_tab_vs_esp = 0x3fcdf9d0
                0x3fcdf9b8                        hci_command_handler_tab_esp = 0x3fcdf9b8
                0x3fcdf9b4                        privacy_en = 0x3fcdf9b4
                0x3fcdf96c                        sdk_cfg_priv_opts = 0x3fcdf96c
                0x3ff1ffdc                        BasePoint_x_256 = 0x3ff1ffdc
                0x3ff1ffbc                        BasePoint_y_256 = 0x3ff1ffbc
                0x3ff1ff9c                        DebugE256PublicKey_x = 0x3ff1ff9c
                0x3ff1ff7c                        DebugE256PublicKey_y = 0x3ff1ff7c
                0x3ff1ff5c                        DebugE256SecretKey = 0x3ff1ff5c
                0x3ff1f7a0                        ECC_4Win_Look_up_table = 0x3ff1f7a0
                0x3ff1f79c                        LLM_AA_CT1 = 0x3ff1f79c
                0x3ff1f798                        LLM_AA_CT2 = 0x3ff1f798
                0x3ff1f790                        RF_TX_PW_CONV_TBL = 0x3ff1f790
                0x3ff1f784                        TASK_DESC_MISC = 0x3ff1f784
                0x3ff1f768                        adv_evt_prop2type = 0x3ff1f768
                0x3ff1f760                        adv_evt_type2prop = 0x3ff1f760
                0x3ff1f750                        aes_cmac_zero = 0x3ff1f750
                0x3ff1f740                        aes_k2_salt = 0x3ff1f740
                0x3ff1f738                        aes_k3_id64 = 0x3ff1f738
                0x3ff1f728                        aes_k3_salt = 0x3ff1f728
                0x3ff1f724                        aes_k4_id6 = 0x3ff1f724
                0x3ff1f714                        aes_k4_salt = 0x3ff1f714
                0x3ff1f6e8                        bigHexP256 = 0x3ff1f6e8
                0x3ff1f6e0                        byte_tx_time = 0x3ff1f6e0
                0x3ff1f6d8                        co_null_bdaddr = 0x3ff1f6d8
                0x3ff1f6d0                        co_phy_mask_to_rate = 0x3ff1f6d0
                0x3ff1f6c8                        co_phy_mask_to_value = 0x3ff1f6c8
                0x3ff1f6c4                        co_phy_to_rate = 0x3ff1f6c4
                0x3ff1f6c0                        co_phy_value_to_mask = 0x3ff1f6c0
                0x3ff1f6b8                        co_rate_to_byte_dur_us = 0x3ff1f6b8
                0x3ff1f6b0                        co_rate_to_phy = 0x3ff1f6b0
                0x3ff1f6ac                        co_rate_to_phy_mask = 0x3ff1f6ac
                0x3ff1f69c                        co_sca2ppm = 0x3ff1f69c
                0x3ff1f670                        coef_B = 0x3ff1f670
                0x3ff1f668                        connect_req_dur_tab = 0x3ff1f668
                0x3ff1f5e4                        ecc_Jacobian_InfinityPoint256 = 0x3ff1f5e4
                0x3ff1f518                        em_base_reg_lut = 0x3ff1f518
                0x3ff1f510                        fixed_tx_time = 0x3ff1f510
                0x3ff1f508                        h4tl_msgtype2hdrlen = 0x3ff1f508
                0x3ff1f4d8                        hci_cmd_desc_root_tab = 0x3ff1f4d8
                0x3ff1f46c                        hci_cmd_desc_tab_ctrl_bb = 0x3ff1f46c
                0x3ff1f43c                        hci_cmd_desc_tab_info_par = 0x3ff1f43c
                0x3ff1f0a0                        hci_cmd_desc_tab_le = 0x3ff1f0a0
                0x3ff1f088                        hci_cmd_desc_tab_lk_ctrl = 0x3ff1f088
                0x3ff1f07c                        hci_cmd_desc_tab_stat_par = 0x3ff1f07c
                0x3ff1f040                        hci_cmd_desc_tab_vs = 0x3ff1f040
                0x3ff1eff8                        hci_evt_desc_tab = 0x3ff1eff8
                0x3ff1ef58                        hci_evt_le_desc_tab = 0x3ff1ef58
                0x3ff1ef50                        hci_evt_le_desc_tab_esp = 0x3ff1ef50
                0x3ff1ef48                        hci_rsvd_evt_msk = 0x3ff1ef48
                0x3ff1ef44                        lld_aux_phy_to_rate = 0x3ff1ef44
                0x3ff1ef3c                        lld_init_max_aux_dur_tab = 0x3ff1ef3c
                0x3ff1ef34                        lld_scan_map_legacy_pdu_to_evt_type = 0x3ff1ef34
                0x3ff1ef2c                        lld_scan_max_aux_dur_tab = 0x3ff1ef2c
                0x3ff1ef24                        lld_sync_max_aux_dur_tab = 0x3ff1ef24
                0x3ff1ef1c                        llm_local_le_feats = 0x3ff1ef1c
                0x3ff1ef14                        llm_local_le_states = 0x3ff1ef14
                0x3ff1eeec                        llm_local_supp_cmds = 0x3ff1eeec
                0x3ff1eecc                        maxSecretKey_256 = 0x3ff1eecc
                0x3ff1eec4                        max_data_tx_time = 0x3ff1eec4
                0x3ff1eeb4                        one_bits = 0x3ff1eeb4
                0x3ff1eeac                        rwip_coex_cfg = 0x3ff1eeac
                0x3ff1ee94                        rwip_priority = 0x3ff1ee94
                0x3ff1ee48                        veryBigHexP256 = 0x3ff1ee48
                0x400015b0                        esp_pp_rom_version_get = 0x400015b0
                0x400015b4                        RC_GetBlockAckTime = 0x400015b4
                0x400015b8                        ebuf_list_remove = 0x400015b8
                0x400015c8                        GetAccess = 0x400015c8
                0x400015cc                        hal_mac_is_low_rate_enabled = 0x400015cc
                0x400015d0                        hal_mac_tx_get_blockack = 0x400015d0
                0x400015d8                        ic_get_trc = 0x400015d8
                0x400015e0                        ic_mac_init = 0x400015e0
                0x400015e4                        ic_interface_enabled = 0x400015e4
                0x400015e8                        is_lmac_idle = 0x400015e8
                0x400015f0                        lmacDiscardAgedMSDU = 0x400015f0
                0x400015fc                        lmacIsIdle = 0x400015fc
                0x40001600                        lmacIsLongFrame = 0x40001600
                0x40001608                        lmacPostTxComplete = 0x40001608
                0x4000160c                        lmacProcessAllTxTimeout = 0x4000160c
                0x40001610                        lmacProcessCollisions = 0x40001610
                0x40001614                        lmacProcessRxSucData = 0x40001614
                0x40001618                        lmacReachLongLimit = 0x40001618
                0x4000161c                        lmacReachShortLimit = 0x4000161c
                0x40001620                        lmacRecycleMPDU = 0x40001620
                0x40001624                        lmacRxDone = 0x40001624
                0x40001634                        mac_tx_set_duration = 0x40001634
                0x4000163c                        mac_tx_set_plcp0 = 0x4000163c
                0x40001644                        mac_tx_set_plcp2 = 0x40001644
                0x4000164c                        pm_disable_dream_timer = 0x4000164c
                0x40001650                        pm_disable_sleep_delay_timer = 0x40001650
                0x40001658                        pm_mac_wakeup = 0x40001658
                0x4000165c                        pm_mac_sleep = 0x4000165c
                0x40001660                        pm_enable_active_timer = 0x40001660
                0x40001664                        pm_enable_sleep_delay_timer = 0x40001664
                0x40001668                        pm_local_tsf_process = 0x40001668
                0x4000166c                        pm_set_beacon_filter = 0x4000166c
                0x40001670                        pm_is_in_wifi_slice_threshold = 0x40001670
                0x40001674                        pm_is_waked = 0x40001674
                0x40001678                        pm_keep_alive = 0x40001678
                0x40001680                        pm_on_data_rx = 0x40001680
                0x40001684                        pm_on_tbtt = 0x40001684
                0x4000169c                        pm_sleep_for = 0x4000169c
                0x400016a4                        ppAMPDU2Normal = 0x400016a4
                0x400016ac                        ppCalFrameTimes = 0x400016ac
                0x400016b0                        ppCalSubFrameLength = 0x400016b0
                0x400016b8                        ppCheckTxAMPDUlength = 0x400016b8
                0x400016bc                        ppDequeueRxq_Locked = 0x400016bc
                0x400016c0                        ppDequeueTxQ = 0x400016c0
                0x400016c4                        ppEmptyDelimiterLength = 0x400016c4
                0x400016c8                        ppEnqueueRxq = 0x400016c8
                0x400016cc                        ppEnqueueTxDone = 0x400016cc
                0x400016d0                        ppGetTxQFirstAvail_Locked = 0x400016d0
                0x400016d4                        ppGetTxframe = 0x400016d4
                0x400016e0                        ppProcessRxPktHdr = 0x400016e0
                0x400016e8                        ppRecordBarRRC = 0x400016e8
                0x400016ec                        lmacRequestTxopQueue = 0x400016ec
                0x400016f0                        lmacReleaseTxopQueue = 0x400016f0
                0x400016f4                        ppRecycleAmpdu = 0x400016f4
                0x400016f8                        ppRecycleRxPkt = 0x400016f8
                0x400016fc                        ppResortTxAMPDU = 0x400016fc
                0x40001700                        ppResumeTxAMPDU = 0x40001700
                0x4000170c                        ppRxProtoProc = 0x4000170c
                0x40001710                        ppSearchTxQueue = 0x40001710
                0x40001714                        ppSearchTxframe = 0x40001714
                0x40001718                        ppSelectNextQueue = 0x40001718
                0x4000171c                        ppSubFromAMPDU = 0x4000171c
                0x40001720                        ppTask = 0x40001720
                0x40001724                        ppTxPkt = 0x40001724
                0x40001728                        ppTxProtoProc = 0x40001728
                0x4000172c                        ppTxqUpdateBitmap = 0x4000172c
                0x40001734                        pp_hdrsize = 0x40001734
                0x40001738                        pp_post = 0x40001738
                0x4000173c                        pp_process_hmac_waiting_txq = 0x4000173c
                0x40001740                        rcGetAmpduSched = 0x40001740
                0x40001744                        rcUpdateRxDone = 0x40001744
                0x40001748                        rc_get_trc = 0x40001748
                0x4000174c                        rc_get_trc_by_index = 0x4000174c
                0x40001750                        rcAmpduLowerRate = 0x40001750
                0x40001754                        rcampduuprate = 0x40001754
                0x40001758                        rcClearCurAMPDUSched = 0x40001758
                0x4000175c                        rcClearCurSched = 0x4000175c
                0x40001760                        rcClearCurStat = 0x40001760
                0x40001768                        rcLowerSched = 0x40001768
                0x4000176c                        rcSetTxAmpduLimit = 0x4000176c
                0x40001774                        rcUpdateAckSnr = 0x40001774
                0x40001784                        rcUpSched = 0x40001784
                0x40001788                        rssi_margin = 0x40001788
                0x4000178c                        rx11NRate2AMPDULimit = 0x4000178c
                0x40001790                        TRC_AMPDU_PER_DOWN_THRESHOLD = 0x40001790
                0x40001794                        TRC_AMPDU_PER_UP_THRESHOLD = 0x40001794
                0x40001798                        trc_calc_duration = 0x40001798
                0x4000179c                        trc_isTxAmpduOperational = 0x4000179c
                0x400017a0                        trc_onAmpduOp = 0x400017a0
                0x400017a4                        TRC_PER_IS_GOOD = 0x400017a4
                0x400017a8                        trc_SetTxAmpduState = 0x400017a8
                0x400017ac                        trc_tid_isTxAmpduOperational = 0x400017ac
                0x400017b0                        trcAmpduSetState = 0x400017b0
                0x400017bc                        wDev_DiscardFrame = 0x400017bc
                0x400017c0                        wDev_GetNoiseFloor = 0x400017c0
                0x400017c4                        wDev_IndicateAmpdu = 0x400017c4
                0x400017cc                        wdev_bank_store = 0x400017cc
                0x400017d0                        wdev_bank_load = 0x400017d0
                0x400017d4                        wdev_mac_reg_load = 0x400017d4
                0x400017d8                        wdev_mac_reg_store = 0x400017d8
                0x400017dc                        wdev_mac_special_reg_load = 0x400017dc
                0x400017e0                        wdev_mac_special_reg_store = 0x400017e0
                0x400017e4                        wdev_mac_wakeup = 0x400017e4
                0x400017e8                        wdev_mac_sleep = 0x400017e8
                0x400017ec                        hal_mac_is_dma_enable = 0x400017ec
                0x400017f8                        wdevProcessRxSucDataAll = 0x400017f8
                0x400017fc                        wdev_csi_len_align = 0x400017fc
                0x40001800                        ppDequeueTxDone_Locked = 0x40001800
                0x4000180c                        config_is_cache_tx_buf_enabled = 0x4000180c
                0x40001810                        //ppMapWaitTxq = 0x40001810
                0x40001814                        ppProcessWaitingQueue = 0x40001814
                0x40001818                        ppDisableQueue = 0x40001818
                0x4000181c                        pm_allow_tx = 0x4000181c
                0x3ff1ee44                        our_instances_ptr = 0x3ff1ee44
                0x3fcdf968                        pTxRx = 0x3fcdf968
                0x3fcdf964                        lmacConfMib_ptr = 0x3fcdf964
                0x3fcdf960                        our_wait_eb = 0x3fcdf960
                0x3fcdf95c                        our_tx_eb = 0x3fcdf95c
                0x3fcdf958                        pp_wdev_funcs = 0x3fcdf958
                0x3fcdf954                        g_osi_funcs_p = 0x3fcdf954
                0x3fcdf950                        wDevCtrl_ptr = 0x3fcdf950
                0x3ff1ee40                        g_wdev_last_desc_reset_ptr = 0x3ff1ee40
                0x3fcdf94c                        wDevMacSleep_ptr = 0x3fcdf94c
                0x3fcdf948                        g_lmac_cnt_ptr = 0x3fcdf948
                0x3ff1ee3c                        our_controls_ptr = 0x3ff1ee3c
                0x3fcdf944                        pp_sig_cnt_ptr = 0x3fcdf944
                0x3fcdf940                        g_eb_list_desc_ptr = 0x3fcdf940
                0x3fcdf93c                        s_fragment_ptr = 0x3fcdf93c
                0x3fcdf938                        if_ctrl_ptr = 0x3fcdf938
                0x3fcdf934                        g_intr_lock_mux = 0x3fcdf934
                0x3fcdf930                        g_wifi_global_lock = 0x3fcdf930
                0x3fcdf92c                        s_wifi_queue = 0x3fcdf92c
                0x3fcdf928                        pp_task_hdl = 0x3fcdf928
                0x3fcdf924                        s_pp_task_create_sem = 0x3fcdf924
                0x3fcdf920                        s_pp_task_del_sem = 0x3fcdf920
                0x3fcdf91c                        g_wifi_menuconfig_ptr = 0x3fcdf91c
                0x3fcdf918                        xphyQueue = 0x3fcdf918
                0x3fcdf914                        ap_no_lr_ptr = 0x3fcdf914
                0x3fcdf910                        rc11BSchedTbl_ptr = 0x3fcdf910
                0x3fcdf90c                        rc11NSchedTbl_ptr = 0x3fcdf90c
                0x3fcdf908                        rcLoRaSchedTbl_ptr = 0x3fcdf908
                0x3fcdf904                        BasicOFDMSched_ptr = 0x3fcdf904
                0x3fcdf900                        trc_ctl_ptr = 0x3fcdf900
                0x3fcdf8fc                        g_pm_cnt_ptr = 0x3fcdf8fc
                0x3fcdf8f8                        g_pm_ptr = 0x3fcdf8f8
                0x3fcdf8f4                        g_pm_cfg_ptr = 0x3fcdf8f4
                0x3fcdf8f0                        g_esp_mesh_quick_funcs_ptr = 0x3fcdf8f0
                0x3fcdf8ec                        g_txop_queue_status_ptr = 0x3fcdf8ec
                0x3fcdf8e8                        g_mac_sleep_en_ptr = 0x3fcdf8e8
                0x3fcdf8e4                        g_mesh_is_root_ptr = 0x3fcdf8e4
                0x3fcdf8e0                        g_mesh_topology_ptr = 0x3fcdf8e0
                0x3fcdf8dc                        g_mesh_init_ps_type_ptr = 0x3fcdf8dc
                0x3fcdf8d8                        g_mesh_is_started_ptr = 0x3fcdf8d8
                0x3fcdf8d4                        g_config_func = 0x3fcdf8d4
                0x3fcdf8d0                        g_net80211_tx_func = 0x3fcdf8d0
                0x3fcdf8cc                        g_timer_func = 0x3fcdf8cc
                0x3fcdf8c8                        s_michael_mic_failure_cb = 0x3fcdf8c8
                0x3fcdf8c4                        wifi_sta_rx_probe_req = 0x3fcdf8c4
                0x3fcdf8c0                        g_tx_done_cb_func = 0x3fcdf8c0
                0x3fcdf874                        g_per_conn_trc = 0x3fcdf874
                0x3fcdf870                        s_encap_amsdu_func = 0x3fcdf870
                0x40001820                        esp_net80211_rom_version_get = 0x40001820
                0x40001824                        ampdu_dispatch = 0x40001824
                0x40001828                        ampdu_dispatch_all = 0x40001828
                0x4000182c                        ampdu_dispatch_as_many_as_possible = 0x4000182c
                0x40001830                        ampdu_dispatch_movement = 0x40001830
                0x40001834                        ampdu_dispatch_upto = 0x40001834
                0x40001838                        chm_is_at_home_channel = 0x40001838
                0x4000183c                        cnx_node_is_existing = 0x4000183c
                0x40001840                        cnx_node_search = 0x40001840
                0x40001844                        ic_ebuf_recycle_rx = 0x40001844
                0x40001848                        ic_ebuf_recycle_tx = 0x40001848
                0x4000184c                        ic_reset_rx_ba = 0x4000184c
                0x40001850                        ieee80211_align_eb = 0x40001850
                0x40001858                        ieee80211_ampdu_start_age_timer = 0x40001858
                0x40001860                        ieee80211_is_tx_allowed = 0x40001860
                0x40001864                        ieee80211_output_pending_eb = 0x40001864
                0x4000186c                        ieee80211_set_tx_desc = 0x4000186c
                0x40001870                        rom_sta_input = 0x40001870
                0x40001874                        wifi_get_macaddr = 0x40001874
                0x40001878                        wifi_rf_phy_disable = 0x40001878
                0x4000187c                        wifi_rf_phy_enable = 0x4000187c
                0x40001880                        ic_ebuf_alloc = 0x40001880
                0x40001888                        ieee80211_copy_eb_header = 0x40001888
                0x4000188c                        ieee80211_recycle_cache_eb = 0x4000188c
                0x40001890                        ieee80211_search_node = 0x40001890
                0x40001894                        roundup2 = 0x40001894
                0x40001898                        ieee80211_crypto_encap = 0x40001898
                0x400018a4                        ieee80211_set_tx_pti = 0x400018a4
                0x400018a8                        wifi_is_started = 0x400018a8
                0x3fcdf86c                        net80211_funcs = 0x3fcdf86c
                0x3fcdf868                        g_scan = 0x3fcdf868
                0x3fcdf864                        g_chm = 0x3fcdf864
                0x3fcdf860                        g_ic_ptr = 0x3fcdf860
                0x3fcdf85c                        g_hmac_cnt_ptr = 0x3fcdf85c
                0x3fcdf858                        g_tx_cacheq_ptr = 0x3fcdf858
                0x3fcdf854                        s_netstack_free = 0x3fcdf854
                0x3fcdf850                        mesh_rxcb = 0x3fcdf850
                0x3fcdf84c                        sta_rxcb = 0x3fcdf84c
                0x400018ac                        esp_coex_rom_version_get = 0x400018ac
                0x400018b0                        coex_bt_release = 0x400018b0
                0x400018b4                        coex_bt_request = 0x400018b4
                0x400018b8                        coex_core_ble_conn_dyn_prio_get = 0x400018b8
                0x400018c0                        coex_core_pti_get = 0x400018c0
                0x400018c4                        coex_core_release = 0x400018c4
                0x400018c8                        coex_core_request = 0x400018c8
                0x400018cc                        coex_core_status_get = 0x400018cc
                0x400018d4                        coex_event_duration_get = 0x400018d4
                0x400018d8                        coex_hw_timer_disable = 0x400018d8
                0x400018dc                        coex_hw_timer_enable = 0x400018dc
                0x400018e0                        coex_hw_timer_set = 0x400018e0
                0x400018e4                        coex_schm_interval_set = 0x400018e4
                0x400018e8                        coex_schm_lock = 0x400018e8
                0x400018ec                        coex_schm_unlock = 0x400018ec
                0x400018f4                        coex_wifi_release = 0x400018f4
                0x400018f8                        esp_coex_ble_conn_dynamic_prio_get = 0x400018f8
                0x3fcdf848                        coex_env_ptr = 0x3fcdf848
                0x3fcdf844                        coex_pti_tab_ptr = 0x3fcdf844
                0x3fcdf840                        coex_schm_env_ptr = 0x3fcdf840
                0x3fcdf83c                        coexist_funcs = 0x3fcdf83c
                0x3fcdf838                        g_coa_funcs_p = 0x3fcdf838
                0x3fcdf834                        g_coex_param_ptr = 0x3fcdf834
                0x400018fc                        phy_get_romfuncs = 0x400018fc
                0x40001900                        rom_abs_temp = 0x40001900
                0x40001904                        rom_bb_bss_cbw40_dig = 0x40001904
                0x40001908                        rom_bb_wdg_test_en = 0x40001908
                0x4000190c                        rom_bb_wdt_get_status = 0x4000190c
                0x40001910                        rom_bb_wdt_int_enable = 0x40001910
                0x40001914                        rom_bb_wdt_rst_enable = 0x40001914
                0x40001918                        rom_bb_wdt_timeout_clear = 0x40001918
                0x4000191c                        rom_cbw2040_cfg = 0x4000191c
                0x40001920                        rom_check_noise_floor = 0x40001920
                0x40001924                        rom_chip_i2c_readReg = 0x40001924
                0x40001928                        rom_chip_i2c_writeReg = 0x40001928
                0x4000192c                        rom_correct_rf_ana_gain = 0x4000192c
                0x40001930                        rom_dc_iq_est = 0x40001930
                0x40001934                        rom_disable_agc = 0x40001934
                0x40001938                        rom_en_pwdet = 0x40001938
                0x4000193c                        rom_enable_agc = 0x4000193c
                0x40001940                        rom_get_bbgain_db = 0x40001940
                0x40001944                        rom_get_data_sat = 0x40001944
                0x40001948                        rom_get_i2c_read_mask = 0x40001948
                0x4000194c                        rom_get_pwctrl_correct = 0x4000194c
                0x40001950                        rom_get_rf_gain_qdb = 0x40001950
                0x40001954                        rom_i2c_readReg = 0x40001954
                0x40001958                        rom_i2c_readReg_Mask = 0x40001958
                0x4000195c                        rom_i2c_writeReg = 0x4000195c
                0x40001960                        rom_i2c_writeReg_Mask = 0x40001960
                0x40001968                        rom_iq_est_disable = 0x40001968
                0x4000196c                        rom_iq_est_enable = 0x4000196c
                0x40001970                        rom_linear_to_db = 0x40001970
                0x40001974                        rom_loopback_mode_en = 0x40001974
                0x40001978                        rom_mhz2ieee = 0x40001978
                0x4000197c                        rom_noise_floor_auto_set = 0x4000197c
                0x40001980                        rom_pbus_debugmode = 0x40001980
                0x40001984                        rom_pbus_force_mode = 0x40001984
                0x40001988                        rom_pbus_force_test = 0x40001988
                0x4000198c                        rom_pbus_rd = 0x4000198c
                0x40001990                        rom_pbus_rd_addr = 0x40001990
                0x40001994                        rom_pbus_rd_shift = 0x40001994
                0x40001998                        rom_pbus_set_dco = 0x40001998
                0x4000199c                        rom_pbus_set_rxgain = 0x4000199c
                0x400019a0                        rom_pbus_workmode = 0x400019a0
                0x400019a4                        rom_pbus_xpd_rx_off = 0x400019a4
                0x400019a8                        rom_pbus_xpd_rx_on = 0x400019a8
                0x400019ac                        rom_pbus_xpd_tx_off = 0x400019ac
                0x400019b4                        rom_phy_byte_to_word = 0x400019b4
                0x400019b8                        rom_phy_disable_cca = 0x400019b8
                0x400019bc                        rom_phy_enable_cca = 0x400019bc
                0x400019c0                        rom_phy_get_noisefloor = 0x400019c0
                0x400019c4                        rom_phy_get_rx_freq = 0x400019c4
                0x400019c8                        rom_phy_set_bbfreq_init = 0x400019c8
                0x400019cc                        rom_pow_usr = 0x400019cc
                0x400019d0                        rom_pwdet_sar2_init = 0x400019d0
                0x400019d4                        rom_read_hw_noisefloor = 0x400019d4
                0x400019d8                        rom_read_sar_dout = 0x400019d8
                0x400019dc                        rom_set_cal_rxdc = 0x400019dc
                0x400019e0                        rom_set_chan_cal_interp = 0x400019e0
                0x400019e4                        rom_set_loopback_gain = 0x400019e4
                0x400019e8                        rom_set_noise_floor = 0x400019e8
                0x400019ec                        rom_set_rxclk_en = 0x400019ec
                0x400019f8                        rom_set_txclk_en = 0x400019f8
                0x400019fc                        rom_spur_cal = 0x400019fc
                0x40001a00                        rom_spur_reg_write_one_tone = 0x40001a00
                0x40001a04                        rom_target_power_add_backoff = 0x40001a04
                0x40001a08                        rom_tx_pwctrl_bg_init = 0x40001a08
                0x40001a10                        rom_wifi_11g_rate_chg = 0x40001a10
                0x40001a14                        rom_write_gain_mem = 0x40001a14
                0x40001a18                        chip726_phyrom_version = 0x40001a18
                0x40001a1c                        rom_disable_wifi_agc = 0x40001a1c
                0x40001a20                        rom_enable_wifi_agc = 0x40001a20
                0x40001a24                        rom_set_tx_gain_table = 0x40001a24
                0x40001a28                        rom_bt_index_to_bb = 0x40001a28
                0x40001a2c                        rom_bt_bb_to_index = 0x40001a2c
                0x40001a30                        rom_wr_bt_tx_atten = 0x40001a30
                0x40001a34                        rom_wr_bt_tx_gain_mem = 0x40001a34
                0x40001a38                        rom_spur_coef_cfg = 0x40001a38
                0x40001a3c                        rom_bb_bss_cbw40 = 0x40001a3c
                0x40001a40                        rom_set_cca = 0x40001a40
                0x40001a44                        rom_tx_paon_set = 0x40001a44
                0x40001a48                        rom_i2cmst_reg_init = 0x40001a48
                0x40001a4c                        rom_iq_corr_enable = 0x40001a4c
                0x40001a50                        rom_fe_reg_init = 0x40001a50
                0x40001a5c                        rom_mac_enable_bb = 0x40001a5c
                0x40001a60                        rom_bb_wdg_cfg = 0x40001a60
                0x40001a64                        rom_force_txon = 0x40001a64
                0x40001a68                        rom_fe_txrx_reset = 0x40001a68
                0x40001a6c                        rom_set_rx_comp = 0x40001a6c
                0x40001a74                        rom_write_chan_freq = 0x40001a74
                0x40001a7c                        rom_set_xpd_sar = 0x40001a7c
                0x40001a80                        rom_write_dac_gain2 = 0x40001a80
                0x40001a84                        rom_rtc_sar2_init = 0x40001a84
                0x40001a88                        rom_get_target_power_offset = 0x40001a88
                0x40001a90                        rom_get_rate_fcc_index = 0x40001a90
                0x40001a94                        rom_get_rate_target_power = 0x40001a94
                0x40001a98                        rom_write_wifi_dig_gain = 0x40001a98
                0x40001a9c                        rom_bt_correct_rf_ana_gain = 0x40001a9c
                0x40001aa0                        rom_pkdet_vol_start = 0x40001aa0
                0x40001aa4                        rom_read_sar2_code = 0x40001aa4
                0x40001aa8                        rom_get_sar2_vol = 0x40001aa8
                0x40001aac                        rom_get_pll_vol = 0x40001aac
                0x40001ab0                        rom_get_phy_target_power = 0x40001ab0
                0x40001ab8                        rom_phy_track_pll_cap = 0x40001ab8
                0x40001abc                        rom_phy_pwdet_always_en = 0x40001abc
                0x40001ac0                        rom_phy_pwdet_onetime_en = 0x40001ac0
                0x40001ac4                        rom_get_i2c_mst0_mask = 0x40001ac4
                0x40001ac8                        rom_get_i2c_hostid = 0x40001ac8
                0x40001acc                        rom_enter_critical_phy = 0x40001acc
                0x40001ad0                        rom_exit_critical_phy = 0x40001ad0
                0x40001ad4                        rom_chip_i2c_readReg_org = 0x40001ad4
                0x40001ad8                        rom_i2c_paral_set_mst0 = 0x40001ad8
                0x40001adc                        rom_i2c_paral_set_read = 0x40001adc
                0x40001ae0                        rom_i2c_paral_read = 0x40001ae0
                0x40001ae4                        rom_i2c_paral_write = 0x40001ae4
                0x40001ae8                        rom_i2c_paral_write_num = 0x40001ae8
                0x40001aec                        rom_i2c_paral_write_mask = 0x40001aec
                0x40001af0                        rom_bb_bss_cbw40_ana = 0x40001af0
                0x40001af4                        rom_chan_to_freq = 0x40001af4
                0x40001afc                        rom_dac_rate_set = 0x40001afc
                0x40001b08                        rom_tsens_index_to_dac = 0x40001b08
                0x40001b0c                        rom_tsens_index_to_offset = 0x40001b0c
                0x40001b14                        rom_code_to_temp = 0x40001b14
                0x40001b18                        rom_write_pll_cap_mem = 0x40001b18
                0x40001b1c                        rom_pll_correct_dcap = 0x40001b1c
                0x40001b20                        rom_phy_en_hw_set_freq = 0x40001b20
                0x40001b24                        rom_phy_dis_hw_set_freq = 0x40001b24
                0x40000628                        PROVIDE (esp_rom_crc32_le = crc32_le)
                [!provide]                        PROVIDE (esp_rom_crc16_le = crc16_le)
                [!provide]                        PROVIDE (esp_rom_crc8_le = crc8_le)
                [!provide]                        PROVIDE (esp_rom_crc32_be = crc32_be)
                [!provide]                        PROVIDE (esp_rom_crc16_be = crc16_be)
                [!provide]                        PROVIDE (esp_rom_crc8_be = crc8_be)
                [!provide]                        PROVIDE (esp_rom_gpio_pad_select_gpio = gpio_pad_select_gpio)
                [!provide]                        PROVIDE (esp_rom_gpio_pad_pullup_only = gpio_pad_pullup)
                0x400005cc                        PROVIDE (esp_rom_gpio_pad_set_drv = gpio_pad_set_drv)
                [!provide]                        PROVIDE (esp_rom_gpio_pad_unhold = gpio_pad_unhold)
                [!provide]                        PROVIDE (esp_rom_gpio_connect_in_signal = gpio_matrix_in)
                [!provide]                        PROVIDE (esp_rom_gpio_connect_out_signal = gpio_matrix_out)
                [!provide]                        PROVIDE (esp_rom_efuse_mac_address_crc8 = esp_crc8)
                0x4000071c                        PROVIDE (esp_rom_efuse_get_flash_gpio_info = ets_efuse_get_spiconfig)
                [!provide]                        PROVIDE (esp_rom_efuse_is_secure_boot_enabled = ets_efuse_secure_boot_enabled)
                0x4000072c                        PROVIDE (esp_rom_efuse_get_flash_wp_gpio = ets_efuse_get_wp_pad)
                [!provide]                        PROVIDE (esp_rom_uart_flush_tx = uart_tx_flush)
                [!provide]                        PROVIDE (esp_rom_uart_tx_one_char = uart_tx_one_char)
                [!provide]                        PROVIDE (esp_rom_uart_tx_wait_idle = uart_tx_wait_idle)
                [!provide]                        PROVIDE (esp_rom_uart_rx_one_char = uart_rx_one_char)
                [!provide]                        PROVIDE (esp_rom_uart_rx_string = UartRxString)
                0x40000080                        PROVIDE (esp_rom_output_flush_tx = uart_tx_flush)
                [!provide]                        PROVIDE (esp_rom_output_tx_one_char = uart_tx_one_char)
                0x40000084                        PROVIDE (esp_rom_output_tx_wait_idle = uart_tx_wait_idle)
                [!provide]                        PROVIDE (esp_rom_output_rx_one_char = uart_rx_one_char)
                [!provide]                        PROVIDE (esp_rom_output_rx_string = UartRxString)
                0x40000614                        PROVIDE (esp_rom_md5_init = MD5Init)
                0x40000618                        PROVIDE (esp_rom_md5_update = MD5Update)
                0x4000061c                        PROVIDE (esp_rom_md5_final = MD5Final)
                0x40000090                        PROVIDE (esp_rom_software_reset_system = software_reset)
                [!provide]                        PROVIDE (esp_rom_software_reset_cpu = software_reset_cpu)
                0x40000040                        PROVIDE (esp_rom_printf = ets_printf)
                0x40000050                        PROVIDE (esp_rom_delay_us = ets_delay_us)
                0x40000018                        PROVIDE (esp_rom_get_reset_reason = rtc_get_reset_reason)
                [!provide]                        PROVIDE (esp_rom_route_intr_matrix = intr_matrix_set)
                0x40000584                        PROVIDE (esp_rom_get_cpu_ticks_per_us = ets_get_cpu_frequency)
                0x40000588                        PROVIDE (esp_rom_set_cpu_ticks_per_us = ets_update_cpu_frequency)
                [!provide]                        PROVIDE (esp_rom_spiflash_clear_bp = esp_rom_spiflash_unlock)
                [!provide]                        PROVIDE (esp_rom_spiflash_write_enable = SPI_write_enable)
                [!provide]                        PROVIDE (esp_rom_spiflash_erase_area = SPIEraseArea)
                [!provide]                        PROVIDE (esp_rom_spiflash_fix_dummylen = spi_dummy_len_fix)
                [!provide]                        PROVIDE (esp_rom_spiflash_set_drvs = SetSpiDrvs)
                [!provide]                        PROVIDE (esp_rom_spiflash_select_padsfunc = SelectSpiFunction)
                [!provide]                        PROVIDE (esp_rom_spiflash_common_cmd = SPI_Common_Command)
                [!provide]                        PROVIDE (esp_rom_regi2c_read = rom_i2c_readReg)
                [!provide]                        PROVIDE (esp_rom_regi2c_read_mask = rom_i2c_readReg_Mask)
                0x4000195c                        PROVIDE (esp_rom_regi2c_write = rom_i2c_writeReg)
                0x40001960                        PROVIDE (esp_rom_regi2c_write_mask = rom_i2c_writeReg_Mask)
                0x400008dc                        bt_rf_coex_get_dft_cfg = 0x400008dc
                0x400008e0                        bt_rf_coex_hooks_p_set = 0x400008e0
                0x400008e4                        btdm_con_maxevtime_cal_impl = 0x400008e4
                0x400008e8                        btdm_controller_get_compile_version_impl = 0x400008e8
                0x400008ec                        btdm_controller_rom_data_init = 0x400008ec
                0x400008f0                        btdm_dis_privacy_err_report_impl = 0x400008f0
                0x400008f4                        btdm_disable_adv_delay_impl = 0x400008f4
                0x400008f8                        btdm_enable_scan_continue_impl = 0x400008f8
                0x400008fc                        btdm_enable_scan_forever_impl = 0x400008fc
                0x40000900                        btdm_get_power_state_impl = 0x40000900
                0x40000904                        btdm_get_prevent_sleep_flag_impl = 0x40000904
                0x40000908                        btdm_power_state_active_impl = 0x40000908
                0x4000090c                        btdm_switch_phy_coded_impl = 0x4000090c
                0x40000910                        hci_acl_data_handler = 0x40000910
                0x40000914                        hci_disconnect_cmd_handler = 0x40000914
                0x40000918                        hci_le_con_upd_cmd_handler = 0x40000918
                0x4000091c                        hci_le_ltk_req_neg_reply_cmd_handler = 0x4000091c
                0x40000920                        hci_le_ltk_req_reply_cmd_handler = 0x40000920
                0x40000924                        hci_le_rd_chnl_map_cmd_handler = 0x40000924
                0x40000928                        hci_le_rd_phy_cmd_handler = 0x40000928
                0x4000092c                        hci_le_rd_rem_feats_cmd_handler = 0x4000092c
                0x40000930                        hci_le_rem_con_param_req_neg_reply_cmd_handler = 0x40000930
                0x40000934                        hci_le_rem_con_param_req_reply_cmd_handler = 0x40000934
                0x40000938                        hci_le_set_data_len_cmd_handler = 0x40000938
                0x4000093c                        hci_le_set_phy_cmd_handler = 0x4000093c
                0x40000940                        hci_le_start_enc_cmd_handler = 0x40000940
                0x40000944                        hci_rd_auth_payl_to_cmd_handler = 0x40000944
                0x40000948                        hci_rd_rem_ver_info_cmd_handler = 0x40000948
                0x4000094c                        hci_rd_rssi_cmd_handler = 0x4000094c
                0x40000950                        hci_rd_tx_pwr_lvl_cmd_handler = 0x40000950
                0x40000954                        hci_vs_set_pref_slave_evt_dur_cmd_handler = 0x40000954
                0x40000958                        hci_vs_set_pref_slave_latency_cmd_handler = 0x40000958
                0x4000095c                        hci_wr_auth_payl_to_cmd_handler = 0x4000095c
                0x40000960                        ll_channel_map_ind_handler = 0x40000960
                0x40000964                        ll_connection_param_req_handler = 0x40000964
                0x40000968                        ll_connection_param_rsp_handler = 0x40000968
                0x4000096c                        ll_connection_update_ind_handler = 0x4000096c
                0x40000970                        ll_enc_req_handler = 0x40000970
                0x40000974                        ll_enc_rsp_handler = 0x40000974
                0x40000978                        ll_feature_req_handler = 0x40000978
                0x4000097c                        ll_feature_rsp_handler = 0x4000097c
                0x40000980                        ll_length_req_handler = 0x40000980
                0x40000984                        ll_length_rsp_handler = 0x40000984
                0x40000988                        ll_min_used_channels_ind_handler = 0x40000988
                0x4000098c                        ll_pause_enc_req_handler = 0x4000098c
                0x40000990                        ll_pause_enc_rsp_handler = 0x40000990
                0x40000994                        ll_phy_req_handler = 0x40000994
                0x40000998                        ll_phy_rsp_handler = 0x40000998
                0x4000099c                        ll_phy_update_ind_handler = 0x4000099c
                0x400009a0                        ll_ping_req_handler = 0x400009a0
                0x400009a4                        ll_ping_rsp_handler = 0x400009a4
                0x400009a8                        ll_slave_feature_req_handler = 0x400009a8
                0x400009ac                        ll_start_enc_req_handler = 0x400009ac
                0x400009b0                        ll_start_enc_rsp_handler = 0x400009b0
                0x400009b4                        ll_terminate_ind_handler = 0x400009b4
                0x400009b8                        ll_version_ind_handler = 0x400009b8
                0x400009bc                        llc_auth_payl_nearly_to_handler = 0x400009bc
                0x400009c0                        llc_auth_payl_real_to_handler = 0x400009c0
                0x400009c4                        llc_encrypt_ind_handler = 0x400009c4
                0x400009c8                        llc_hci_command_handler_wrapper = 0x400009c8
                0x400009cc                        llc_ll_connection_param_req_pdu_send = 0x400009cc
                0x400009d0                        llc_ll_connection_param_rsp_pdu_send = 0x400009d0
                0x400009d4                        llc_ll_connection_update_ind_pdu_send = 0x400009d4
                0x400009d8                        llc_ll_enc_req_pdu_send = 0x400009d8
                0x400009dc                        llc_ll_enc_rsp_pdu_send = 0x400009dc
                0x400009e0                        llc_ll_feature_req_pdu_send = 0x400009e0
                0x400009e4                        llc_ll_feature_rsp_pdu_send = 0x400009e4
                0x400009e8                        llc_ll_length_req_pdu_send = 0x400009e8
                0x400009ec                        llc_ll_length_rsp_pdu_send = 0x400009ec
                0x400009f0                        llc_ll_pause_enc_req_pdu_send = 0x400009f0
                0x400009f4                        llc_ll_pause_enc_rsp_pdu_send = 0x400009f4
                0x400009f8                        llc_ll_phy_req_pdu_send = 0x400009f8
                0x400009fc                        llc_ll_phy_rsp_pdu_send = 0x400009fc
                0x40000a00                        llc_ll_ping_req_pdu_send = 0x40000a00
                0x40000a04                        llc_ll_ping_rsp_pdu_send = 0x40000a04
                0x40000a08                        llc_ll_start_enc_req_pdu_send = 0x40000a08
                0x40000a0c                        llc_ll_start_enc_rsp_pdu_send = 0x40000a0c
                0x40000a10                        llc_ll_terminate_ind_pdu_send = 0x40000a10
                0x40000a14                        llc_ll_unknown_rsp_pdu_send = 0x40000a14
                0x40000a18                        llc_llcp_ch_map_update_ind_pdu_send = 0x40000a18
                0x40000a1c                        llc_llcp_phy_upd_ind_pdu_send = 0x40000a1c
                0x40000a20                        llc_llcp_version_ind_pdu_send = 0x40000a20
                0x40000a24                        llc_op_ch_map_upd_ind_handler = 0x40000a24
                0x40000a28                        llc_op_con_upd_ind_handler = 0x40000a28
                0x40000a2c                        llc_op_disconnect_ind_handler = 0x40000a2c
                0x40000a30                        llc_op_dl_upd_ind_handler = 0x40000a30
                0x40000a34                        llc_op_encrypt_ind_handler = 0x40000a34
                0x40000a38                        llc_op_feats_exch_ind_handler = 0x40000a38
                0x40000a3c                        llc_op_le_ping_ind_handler = 0x40000a3c
                0x40000a40                        llc_op_phy_upd_ind_handler = 0x40000a40
                0x40000a44                        llc_op_ver_exch_ind_handler = 0x40000a44
                0x40000a48                        llc_stopped_ind_handler = 0x40000a48
                0x40000a4c                        lld_acl_rx_ind_handler = 0x40000a4c
                0x40000a50                        lld_acl_tx_cfm_handler = 0x40000a50
                0x40000a54                        lld_adv_end_ind_handler = 0x40000a54
                0x40000a58                        lld_adv_rep_ind_handler = 0x40000a58
                0x40000a5c                        lld_ch_map_upd_cfm_handler = 0x40000a5c
                0x40000a60                        lld_con_estab_ind_handler = 0x40000a60
                0x40000a64                        lld_con_evt_sd_evt_time_set = 0x40000a64
                0x40000a68                        lld_con_offset_upd_ind_handler = 0x40000a68
                0x40000a6c                        lld_con_param_upd_cfm_handler = 0x40000a6c
                0x40000a70                        lld_disc_ind_handler = 0x40000a70
                0x40000a74                        lld_init_end_ind_handler = 0x40000a74
                0x40000a78                        lld_llcp_rx_ind_handler_wrapper = 0x40000a78
                0x40000a7c                        lld_llcp_tx_cfm_handler = 0x40000a7c